// Jest Snapshot v1, https://goo.gl/fbAQLP

exports[`PageContainer Component tests PageContainer match snapshot 1`] = `
<div
  className="sc-bdVaJa grUiWv"
/>
`;
